[WebServer] (node:72136) Warning: The 'NO_COLOR' env is ignored due to the 'FORCE_COLOR' env being set.
[WebServer] (Use `node --trace-warnings ...` to show where the warning was created)
[WebServer] no model configured; the node will answer with scripts and capabilities only
[WebServer] frame grants: fixture lifetime seam loaded (CC_FRAME_GRANT_FIXTURE=1)
[WebServer] project sessions: FIXTURE starter loaded — a session is reported, and no worker is spawned
[WebServer] overview: FIXTURE composer loaded — overview requests are scripted, and no provider is called for them
[WebServer] filesystem search: read-only over C:\, D:\, E:\, G:\ — no index is built; matches are sent to the model provider
[WebServer] views: 25 definition(s) the model may show — canvas.line@1, canvas.bar@1, canvas.donut@1, canvas.table@1, canvas.metrics@1, canvas.filter@1, canvas.image@1, canvas.carousel@1, canvas.gallery@1, canvas.youtube@1, canvas.video@1, canvas.action@1, canvas.form@1, canvas.list@1, canvas.status@1, canvas.progress@1, canvas.details@1, canvas.code@1, canvas.diff@1, canvas.file@1, canvas.area@1, canvas.scatter@1, canvas.calendar@1, canvas.timeline@1, canvas.overview@1
[WebServer] catalog: every family a composed surface needs is drawable
[WebServer] session transcripts: .data\e2e\sessions
[WebServer] selector: disabled (no credential or local-only); composed surfaces use the deterministic path
[WebServer] update check: FIXTURE — no periodic job started, no registry is called
[WebServer] voice: FIXTURE provider loaded — audio and transcripts on /voice are scripted, not model output
[WebServer] clarkcant node "e2e-node" listening on http://127.0.0.1:9276
[WebServer] node id: node_0b6f4eada322407492f97a92
[WebServer] data dir: .data/e2e
[WebServer] container engine: docker 29.8.0 — the OCI image can be built on this machine
[WebServer] commands require the bearer token stored in the node's identity.json
[WebServer] project index: 1 scanned, 1 kept, 1 removed
[WebServer] (node:85204) Warning: The 'NO_COLOR' env is ignored due to the 'FORCE_COLOR' env being set.
[WebServer] (Use `node --trace-warnings ...` to show where the warning was created)
[WebServer] npm fixture registry listening on http://127.0.0.1:9278
[WebServer] (node:86892) Warning: The 'NO_COLOR' env is ignored due to the 'FORCE_COLOR' env being set.
[WebServer] (Use `node --trace-warnings ...` to show where the warning was created)
[WebServer] $ vite build --outDir dist
[WebServer] (node:84816) Warning: The 'NO_COLOR' env is ignored due to the 'FORCE_COLOR' env being set.
[WebServer] (Use `node --trace-warnings ...` to show where the warning was created)
[WebServer] vite v8.3.0 building client environment for production...
[WebServer] transforming...
[WebServer] ✓ 365 modules transformed.
[WebServer] rendering chunks...
[WebServer] computing gzip size...
[WebServer] dist/assets/plus-jakarta-sans-cyrillic-ext-wght-normal-lLTsRRxN.woff2      1.71 kB
[WebServer] dist/assets/voice-capture-worklet-DsmQparT.js                              1.99 kB
[WebServer] dist/index.html                                                            2.49 kB │ gzip:   1.19 kB
[WebServer] dist/assets/plus-jakarta-sans-vietnamese-wght-normal-qRpaaN48.woff2        8.35 kB
[WebServer] dist/assets/plus-jakarta-sans-latin-ext-wght-normal-DmpS2jIq.woff2        21.72 kB
[WebServer] dist/assets/plus-jakarta-sans-latin-wght-normal-eXO_dkmS.woff2            27.34 kB
[WebServer] dist/assets/main-DjYd3uYR.css                                              1.36 kB │ gzip:   0.51 kB
[WebServer] dist/widget-runtime.js                                                     0.51 kB │ gzip:   0.34 kB │ map:     2.08 kB
[WebServer] dist/assets/rolldown-runtime-hePW80VL.js                                   0.71 kB │ gzip:   0.42 kB
[WebServer] dist/assets/addon-fit-DIOBYJe3.js                                          1.25 kB │ gzip:   0.53 kB │ map:     3.37 kB
[WebServer] dist/assets/src-HMOm9nMr.js                                              313.49 kB │ gzip:  94.41 kB │ map: 1,727.52 kB
[WebServer] dist/assets/xterm-ScmBfeDI.js                                            331.22 kB │ gzip:  83.07 kB │ map:   675.33 kB
[WebServer] dist/assets/main-DiVC8hCI.js                                           1,425.48 kB │ gzip: 388.47 kB │ map: 4,138.51 kB
[WebServer] 
[WebServer] ✓ built in 451ms
[WebServer] [plugin builtin:vite-reporter] 
[WebServer] (!) Some chunks are larger than 500 kB after minification. Consider:
[WebServer] - Using dynamic import() to code-split the application
[WebServer] - Use build.rolldownOptions.output.codeSplitting to improve chunking: https://rolldown.rs/reference/OutputOptions.codeSplitting
[WebServer] - Adjust chunk size limit for this warning via build.chunkSizeWarningLimit.
[WebServer] (node:44556) Warning: The 'NO_COLOR' env is ignored due to the 'FORCE_COLOR' env being set.
[WebServer] (Use `node --trace-warnings ...` to show where the warning was created)
[WebServer] (node:80992) Warning: The 'NO_COLOR' env is ignored due to the 'FORCE_COLOR' env being set.
[WebServer] (Use `node --trace-warnings ...` to show where the warning was created)
[WebServer]   ➜  Local:   http://127.0.0.1:4673/

Running 4 tests using 1 worker

(node:64948) Warning: The 'NO_COLOR' env is ignored due to the 'FORCE_COLOR' env being set.
(Use `node --trace-warnings ...` to show where the warning was created)
  x  1 [chromium] › apps\web\e2e\widget-appearance.spec.ts:24:3 › an isolated widget follows appearance in place at 1280 dark (2.6s)
(node:20856) Warning: The 'NO_COLOR' env is ignored due to the 'FORCE_COLOR' env being set.
(Use `node --trace-warnings ...` to show where the warning was created)
  x  2 [chromium] › apps\web\e2e\widget-appearance.spec.ts:24:3 › an isolated widget follows appearance in place at 1280 light (2.6s)
(node:60800) Warning: The 'NO_COLOR' env is ignored due to the 'FORCE_COLOR' env being set.
(Use `node --trace-warnings ...` to show where the warning was created)
  x  3 [chromium] › apps\web\e2e\widget-appearance.spec.ts:24:3 › an isolated widget follows appearance in place at 390 dark (3.7s)
(node:68716) Warning: The 'NO_COLOR' env is ignored due to the 'FORCE_COLOR' env being set.
(Use `node --trace-warnings ...` to show where the warning was created)
  x  4 [chromium] › apps\web\e2e\widget-appearance.spec.ts:24:3 › an isolated widget follows appearance in place at 390 light (3.6s)


  1) [chromium] › apps\web\e2e\widget-appearance.spec.ts:24:3 › an isolated widget follows appearance in place at 1280 dark 

    Error: expect(received).toBe(expected) // Object.is equality

    Expected: 0
    Received: 1

      82 |     expect(final.state).toEqual(initial.state);
      83 |     expect(final.stateRevision).toBe(initial.stateRevision);
    > 84 |     expect(semanticWrites).toBe(0);
         |                            ^
      85 |     expect(modelTurns).toBe(0);
      86 |     await expect(composer).toHaveValue("draft kept across appearance changes");
      87 |     expect(await page.evaluate(() => document.documentElement.scrollWidth - document.documentElement.clientWidth)).toBeLessThanOrEqual(0);
        at D:\wt299\apps\web\e2e\widget-appearance.spec.ts:84:28

    attachment #1: screenshot (image/png) ──────────────────────────────────────────────────────────
    test-results\widget-appearance-an-isola-f93ab-rance-in-place-at-1280-dark-chromium\test-failed-1.png
    ────────────────────────────────────────────────────────────────────────────────────────────────

    Error Context: test-results\widget-appearance-an-isola-f93ab-rance-in-place-at-1280-dark-chromium\error-context.md

    attachment #3: trace (application/zip) ─────────────────────────────────────────────────────────
    test-results\widget-appearance-an-isola-f93ab-rance-in-place-at-1280-dark-chromium\trace.zip
    Usage:

        pnpm exec playwright show-trace test-results\widget-appearance-an-isola-f93ab-rance-in-place-at-1280-dark-chromium\trace.zip

    ────────────────────────────────────────────────────────────────────────────────────────────────

  2) [chromium] › apps\web\e2e\widget-appearance.spec.ts:24:3 › an isolated widget follows appearance in place at 1280 light 

    Error: expect(received).toBe(expected) // Object.is equality

    Expected: 0
    Received: 1

      82 |     expect(final.state).toEqual(initial.state);
      83 |     expect(final.stateRevision).toBe(initial.stateRevision);
    > 84 |     expect(semanticWrites).toBe(0);
         |                            ^
      85 |     expect(modelTurns).toBe(0);
      86 |     await expect(composer).toHaveValue("draft kept across appearance changes");
      87 |     expect(await page.evaluate(() => document.documentElement.scrollWidth - document.documentElement.clientWidth)).toBeLessThanOrEqual(0);
        at D:\wt299\apps\web\e2e\widget-appearance.spec.ts:84:28

    attachment #1: screenshot (image/png) ──────────────────────────────────────────────────────────
    test-results\widget-appearance-an-isola-77752-ance-in-place-at-1280-light-chromium\test-failed-1.png
    ────────────────────────────────────────────────────────────────────────────────────────────────

    Error Context: test-results\widget-appearance-an-isola-77752-ance-in-place-at-1280-light-chromium\error-context.md

    attachment #3: trace (application/zip) ─────────────────────────────────────────────────────────
    test-results\widget-appearance-an-isola-77752-ance-in-place-at-1280-light-chromium\trace.zip
    Usage:

        pnpm exec playwright show-trace test-results\widget-appearance-an-isola-77752-ance-in-place-at-1280-light-chromium\trace.zip

    ────────────────────────────────────────────────────────────────────────────────────────────────

  3) [chromium] › apps\web\e2e\widget-appearance.spec.ts:24:3 › an isolated widget follows appearance in place at 390 dark 

    Error: expect(received).toBe(expected) // Object.is equality

    Expected: 0
    Received: 1

      82 |     expect(final.state).toEqual(initial.state);
      83 |     expect(final.stateRevision).toBe(initial.stateRevision);
    > 84 |     expect(semanticWrites).toBe(0);
         |                            ^
      85 |     expect(modelTurns).toBe(0);
      86 |     await expect(composer).toHaveValue("draft kept across appearance changes");
      87 |     expect(await page.evaluate(() => document.documentElement.scrollWidth - document.documentElement.clientWidth)).toBeLessThanOrEqual(0);
        at D:\wt299\apps\web\e2e\widget-appearance.spec.ts:84:28

    attachment #1: screenshot (image/png) ──────────────────────────────────────────────────────────
    test-results\widget-appearance-an-isola-8e784-arance-in-place-at-390-dark-chromium\test-failed-1.png
    ────────────────────────────────────────────────────────────────────────────────────────────────

    Error Context: test-results\widget-appearance-an-isola-8e784-arance-in-place-at-390-dark-chromium\error-context.md

    attachment #3: trace (application/zip) ─────────────────────────────────────────────────────────
    test-results\widget-appearance-an-isola-8e784-arance-in-place-at-390-dark-chromium\trace.zip
    Usage:

        pnpm exec playwright show-trace test-results\widget-appearance-an-isola-8e784-arance-in-place-at-390-dark-chromium\trace.zip

    ────────────────────────────────────────────────────────────────────────────────────────────────

  4) [chromium] › apps\web\e2e\widget-appearance.spec.ts:24:3 › an isolated widget follows appearance in place at 390 light 

    Error: expect(received).toBe(expected) // Object.is equality

    Expected: 0
    Received: 1

      82 |     expect(final.state).toEqual(initial.state);
      83 |     expect(final.stateRevision).toBe(initial.stateRevision);
    > 84 |     expect(semanticWrites).toBe(0);
         |                            ^
      85 |     expect(modelTurns).toBe(0);
      86 |     await expect(composer).toHaveValue("draft kept across appearance changes");
      87 |     expect(await page.evaluate(() => document.documentElement.scrollWidth - document.documentElement.clientWidth)).toBeLessThanOrEqual(0);
        at D:\wt299\apps\web\e2e\widget-appearance.spec.ts:84:28

    attachment #1: screenshot (image/png) ──────────────────────────────────────────────────────────
    test-results\widget-appearance-an-isola-884ac-rance-in-place-at-390-light-chromium\test-failed-1.png
    ────────────────────────────────────────────────────────────────────────────────────────────────

    Error Context: test-results\widget-appearance-an-isola-884ac-rance-in-place-at-390-light-chromium\error-context.md

    attachment #3: trace (application/zip) ─────────────────────────────────────────────────────────
    test-results\widget-appearance-an-isola-884ac-rance-in-place-at-390-light-chromium\trace.zip
    Usage:

        pnpm exec playwright show-trace test-results\widget-appearance-an-isola-884ac-rance-in-place-at-390-light-chromium\trace.zip

    ────────────────────────────────────────────────────────────────────────────────────────────────

  4 failed
    [chromium] › apps\web\e2e\widget-appearance.spec.ts:24:3 › an isolated widget follows appearance in place at 1280 dark 
    [chromium] › apps\web\e2e\widget-appearance.spec.ts:24:3 › an isolated widget follows appearance in place at 1280 light 
    [chromium] › apps\web\e2e\widget-appearance.spec.ts:24:3 › an isolated widget follows appearance in place at 390 dark 
    [chromium] › apps\web\e2e\widget-appearance.spec.ts:24:3 › an isolated widget follows appearance in place at 390 light 
