[WebServer] (node:32264) Warning: The 'NO_COLOR' env is ignored due to the 'FORCE_COLOR' env being set.
[WebServer] (Use `node --trace-warnings ...` to show where the warning was created)
[WebServer] no model configured; the node will answer with scripts and capabilities only
[WebServer] frame grants: fixture lifetime seam loaded (CC_FRAME_GRANT_FIXTURE=1)
[WebServer] project sessions: FIXTURE starter loaded — a session is reported, and no worker is spawned
[WebServer] overview: FIXTURE composer loaded — overview requests are scripted, and no provider is called for them
[WebServer] filesystem search: read-only over C:\, D:\, E:\, G:\ — no index is built; matches are sent to the model provider
[WebServer] views: 25 definition(s) the model may show — canvas.line@1, canvas.bar@1, canvas.donut@1, canvas.table@1, canvas.metrics@1, canvas.filter@1, canvas.image@1, canvas.carousel@1, canvas.gallery@1, canvas.youtube@1, canvas.video@1, canvas.action@1, canvas.form@1, canvas.list@1, canvas.status@1, canvas.progress@1, canvas.details@1, canvas.code@1, canvas.diff@1, canvas.file@1, canvas.area@1, canvas.scatter@1, canvas.calendar@1, canvas.timeline@1, canvas.overview@1
[WebServer] catalog: every family a composed surface needs is drawable
[WebServer] session transcripts: .data\e2e\sessions
[WebServer] selector: disabled (no credential or local-only); composed surfaces use the deterministic path
[WebServer] update check: FIXTURE — no periodic job started, no registry is called
[WebServer] voice: FIXTURE provider loaded — audio and transcripts on /voice are scripted, not model output
[WebServer] clarkcant node "e2e-node" listening on http://127.0.0.1:9296
[WebServer] node id: node_8179573449564b5e838dd994
[WebServer] data dir: .data/e2e
[WebServer] container engine: docker 29.8.0 — the OCI image can be built on this machine
[WebServer] commands require the bearer token stored in the node's identity.json
[WebServer] project index: 1 scanned, 1 kept, 1 removed
[WebServer] (node:63796) Warning: The 'NO_COLOR' env is ignored due to the 'FORCE_COLOR' env being set.
[WebServer] (Use `node --trace-warnings ...` to show where the warning was created)
[WebServer] npm fixture registry listening on http://127.0.0.1:9298
[WebServer] (node:64992) Warning: The 'NO_COLOR' env is ignored due to the 'FORCE_COLOR' env being set.
[WebServer] (Use `node --trace-warnings ...` to show where the warning was created)
[WebServer] $ vite build --outDir dist
[WebServer] (node:77760) Warning: The 'NO_COLOR' env is ignored due to the 'FORCE_COLOR' env being set.
[WebServer] (Use `node --trace-warnings ...` to show where the warning was created)
[WebServer] vite v8.3.0 building client environment for production...
[WebServer] transforming...
[WebServer] ✓ 370 modules transformed.
[WebServer] rendering chunks...
[WebServer] computing gzip size...
[WebServer] dist/assets/plus-jakarta-sans-cyrillic-ext-wght-normal-lLTsRRxN.woff2      1.71 kB
[WebServer] dist/assets/voice-capture-worklet-DsmQparT.js                              1.99 kB
[WebServer] dist/index.html                                                            2.49 kB │ gzip:   1.19 kB
[WebServer] dist/assets/plus-jakarta-sans-vietnamese-wght-normal-qRpaaN48.woff2        8.35 kB
[WebServer] dist/assets/plus-jakarta-sans-latin-ext-wght-normal-DmpS2jIq.woff2        21.72 kB
[WebServer] dist/assets/plus-jakarta-sans-latin-wght-normal-eXO_dkmS.woff2            27.34 kB
[WebServer] dist/assets/main-DjYd3uYR.css                                              1.36 kB │ gzip:   0.51 kB
[WebServer] dist/widget-runtime.js                                                     0.51 kB │ gzip:   0.35 kB │ map:     2.08 kB
[WebServer] dist/assets/rolldown-runtime-hePW80VL.js                                   0.71 kB │ gzip:   0.42 kB
[WebServer] dist/assets/addon-fit-DIOBYJe3.js                                          1.25 kB │ gzip:   0.53 kB │ map:     3.37 kB
[WebServer] dist/assets/src-CIK1j5Ap.js                                              314.41 kB │ gzip:  94.72 kB │ map: 1,728.85 kB
[WebServer] dist/assets/xterm-ScmBfeDI.js                                            331.22 kB │ gzip:  83.07 kB │ map:   675.33 kB
[WebServer] dist/assets/main-Do8RvaPw.js                                           1,443.15 kB │ gzip: 393.70 kB │ map: 4,174.24 kB
[WebServer] 
[WebServer] ✓ built in 460ms
[WebServer] [plugin builtin:vite-reporter] 
[WebServer] (!) Some chunks are larger than 500 kB after minification. Consider:
[WebServer] - Using dynamic import() to code-split the application
[WebServer] - Use build.rolldownOptions.output.codeSplitting to improve chunking: https://rolldown.rs/reference/OutputOptions.codeSplitting
[WebServer] - Adjust chunk size limit for this warning via build.chunkSizeWarningLimit.
[WebServer] (node:47188) Warning: The 'NO_COLOR' env is ignored due to the 'FORCE_COLOR' env being set.
[WebServer] (Use `node --trace-warnings ...` to show where the warning was created)
[WebServer] (node:60576) Warning: The 'NO_COLOR' env is ignored due to the 'FORCE_COLOR' env being set.
[WebServer] (Use `node --trace-warnings ...` to show where the warning was created)
[WebServer]   ➜  Local:   http://127.0.0.1:4693/

Running 12 tests using 1 worker

(node:85772) Warning: The 'NO_COLOR' env is ignored due to the 'FORCE_COLOR' env being set.
(Use `node --trace-warnings ...` to show where the warning was created)
  ok  1 [chromium] › apps\web\e2e\widget-appearance.spec.ts:31:3 › an isolated widget follows dusk appearance in place at 1280 dark (2.9s)
  ok  2 [chromium] › apps\web\e2e\widget-appearance.spec.ts:31:3 › an isolated widget follows dusk appearance in place at 1280 light (2.9s)
  ok  3 [chromium] › apps\web\e2e\widget-appearance.spec.ts:31:3 › an isolated widget follows dusk appearance in place at 390 dark (2.8s)
  ok  4 [chromium] › apps\web\e2e\widget-appearance.spec.ts:31:3 › an isolated widget follows dusk appearance in place at 390 light (3.1s)
  x   5 [chromium] › apps\web\e2e\widget-appearance.spec.ts:31:3 › an isolated widget follows pixel-arcade appearance in place at 1280 dark (12.5s)
(node:74880) Warning: The 'NO_COLOR' env is ignored due to the 'FORCE_COLOR' env being set.
(Use `node --trace-warnings ...` to show where the warning was created)
  x   6 [chromium] › apps\web\e2e\widget-appearance.spec.ts:31:3 › an isolated widget follows pixel-arcade appearance in place at 1280 light (12.4s)
(node:69844) Warning: The 'NO_COLOR' env is ignored due to the 'FORCE_COLOR' env being set.
(Use `node --trace-warnings ...` to show where the warning was created)
  x   7 [chromium] › apps\web\e2e\widget-appearance.spec.ts:31:3 › an isolated widget follows pixel-arcade appearance in place at 390 dark (12.9s)
(node:28444) Warning: The 'NO_COLOR' env is ignored due to the 'FORCE_COLOR' env being set.
(Use `node --trace-warnings ...` to show where the warning was created)
  x   8 [chromium] › apps\web\e2e\widget-appearance.spec.ts:31:3 › an isolated widget follows pixel-arcade appearance in place at 390 light (12.9s)
(node:74376) Warning: The 'NO_COLOR' env is ignored due to the 'FORCE_COLOR' env being set.
(Use `node --trace-warnings ...` to show where the warning was created)
  x   9 [chromium] › apps\web\e2e\widget-appearance.spec.ts:31:3 › an isolated widget follows neo-brutalism appearance in place at 1280 dark (12.4s)
(node:17340) Warning: The 'NO_COLOR' env is ignored due to the 'FORCE_COLOR' env being set.
(Use `node --trace-warnings ...` to show where the warning was created)
  x  10 [chromium] › apps\web\e2e\widget-appearance.spec.ts:31:3 › an isolated widget follows neo-brutalism appearance in place at 1280 light (12.7s)
(node:72072) Warning: The 'NO_COLOR' env is ignored due to the 'FORCE_COLOR' env being set.
(Use `node --trace-warnings ...` to show where the warning was created)
  x  11 [chromium] › apps\web\e2e\widget-appearance.spec.ts:31:3 › an isolated widget follows neo-brutalism appearance in place at 390 dark (13.4s)
(node:69512) Warning: The 'NO_COLOR' env is ignored due to the 'FORCE_COLOR' env being set.
(Use `node --trace-warnings ...` to show where the warning was created)
  x  12 [chromium] › apps\web\e2e\widget-appearance.spec.ts:31:3 › an isolated widget follows neo-brutalism appearance in place at 390 light (13.3s)


  1) [chromium] › apps\web\e2e\widget-appearance.spec.ts:31:3 › an isolated widget follows pixel-arcade appearance in place at 1280 dark 

    Error: expect(locator).toHaveAttribute(expected) failed

    Locator:  locator('canvas[data-orb-profile]').first()
    Expected: "calm"
    Received: "plasma"
    Timeout:  10000ms

    Call log:
      - Expect "toHaveAttribute" locator('canvas[data-orb-profile]').first() with timeout 10000ms
      - waiting for locator('canvas[data-orb-profile]').first()
        23 × locator resolved to <canvas width="30" role="img" height="30" data-orb="gl" aria-label="" class="cc-orb" data-orb-motion="full" data-orb-profile="plasma"></canvas>
           - unexpected value "plasma"


      100 |       expect(chosen.ok()).toBe(true);
      101 |       await page.evaluate(() => window.dispatchEvent(new Event("focus")));
    > 102 |       await expect(orb).toHaveAttribute("data-orb-profile", "calm");
          |                         ^
      103 |     }
      104 |     const hostAccent = () => page.evaluate(() => getComputedStyle(document.documentElement).getPropertyValue("--cc-accent").trim().toUpperCase());
      105 |     await expect.poll(async () => (await readWidget(frame)).accent).toBe(await hostAccent());
        at D:\wt302\apps\web\e2e\widget-appearance.spec.ts:102:25

    attachment #1: screenshot (image/png) ──────────────────────────────────────────────────────────
    test-results\widget-appearance-an-isola-95b82-rance-in-place-at-1280-dark-chromium\test-failed-1.png
    ────────────────────────────────────────────────────────────────────────────────────────────────

    Error Context: test-results\widget-appearance-an-isola-95b82-rance-in-place-at-1280-dark-chromium\error-context.md

    attachment #3: trace (application/zip) ─────────────────────────────────────────────────────────
    test-results\widget-appearance-an-isola-95b82-rance-in-place-at-1280-dark-chromium\trace.zip
    Usage:

        pnpm exec playwright show-trace test-results\widget-appearance-an-isola-95b82-rance-in-place-at-1280-dark-chromium\trace.zip

    ────────────────────────────────────────────────────────────────────────────────────────────────

  2) [chromium] › apps\web\e2e\widget-appearance.spec.ts:31:3 › an isolated widget follows pixel-arcade appearance in place at 1280 light 

    Error: expect(locator).toHaveAttribute(expected) failed

    Locator:  locator('canvas[data-orb-profile]').first()
    Expected: "calm"
    Received: "plasma"
    Timeout:  10000ms

    Call log:
      - Expect "toHaveAttribute" locator('canvas[data-orb-profile]').first() with timeout 10000ms
      - waiting for locator('canvas[data-orb-profile]').first()
        22 × locator resolved to <canvas width="30" role="img" height="30" data-orb="gl" aria-label="" class="cc-orb" data-orb-motion="full" data-orb-profile="plasma"></canvas>
           - unexpected value "plasma"


      100 |       expect(chosen.ok()).toBe(true);
      101 |       await page.evaluate(() => window.dispatchEvent(new Event("focus")));
    > 102 |       await expect(orb).toHaveAttribute("data-orb-profile", "calm");
          |                         ^
      103 |     }
      104 |     const hostAccent = () => page.evaluate(() => getComputedStyle(document.documentElement).getPropertyValue("--cc-accent").trim().toUpperCase());
      105 |     await expect.poll(async () => (await readWidget(frame)).accent).toBe(await hostAccent());
        at D:\wt302\apps\web\e2e\widget-appearance.spec.ts:102:25

    attachment #1: screenshot (image/png) ──────────────────────────────────────────────────────────
    test-results\widget-appearance-an-isola-382e4-ance-in-place-at-1280-light-chromium\test-failed-1.png
    ────────────────────────────────────────────────────────────────────────────────────────────────

    Error Context: test-results\widget-appearance-an-isola-382e4-ance-in-place-at-1280-light-chromium\error-context.md

    attachment #3: trace (application/zip) ─────────────────────────────────────────────────────────
    test-results\widget-appearance-an-isola-382e4-ance-in-place-at-1280-light-chromium\trace.zip
    Usage:

        pnpm exec playwright show-trace test-results\widget-appearance-an-isola-382e4-ance-in-place-at-1280-light-chromium\trace.zip

    ────────────────────────────────────────────────────────────────────────────────────────────────

  3) [chromium] › apps\web\e2e\widget-appearance.spec.ts:31:3 › an isolated widget follows pixel-arcade appearance in place at 390 dark 

    Error: expect(locator).toHaveAttribute(expected) failed

    Locator:  locator('canvas[data-orb-profile]').first()
    Expected: "calm"
    Received: "plasma"
    Timeout:  10000ms

    Call log:
      - Expect "toHaveAttribute" locator('canvas[data-orb-profile]').first() with timeout 10000ms
      - waiting for locator('canvas[data-orb-profile]').first()
        23 × locator resolved to <canvas width="30" role="img" height="30" data-orb="gl" aria-label="" class="cc-orb" data-orb-motion="full" data-orb-profile="plasma"></canvas>
           - unexpected value "plasma"


      100 |       expect(chosen.ok()).toBe(true);
      101 |       await page.evaluate(() => window.dispatchEvent(new Event("focus")));
    > 102 |       await expect(orb).toHaveAttribute("data-orb-profile", "calm");
          |                         ^
      103 |     }
      104 |     const hostAccent = () => page.evaluate(() => getComputedStyle(document.documentElement).getPropertyValue("--cc-accent").trim().toUpperCase());
      105 |     await expect.poll(async () => (await readWidget(frame)).accent).toBe(await hostAccent());
        at D:\wt302\apps\web\e2e\widget-appearance.spec.ts:102:25

    attachment #1: screenshot (image/png) ──────────────────────────────────────────────────────────
    test-results\widget-appearance-an-isola-369af-arance-in-place-at-390-dark-chromium\test-failed-1.png
    ────────────────────────────────────────────────────────────────────────────────────────────────

    Error Context: test-results\widget-appearance-an-isola-369af-arance-in-place-at-390-dark-chromium\error-context.md

    attachment #3: trace (application/zip) ─────────────────────────────────────────────────────────
    test-results\widget-appearance-an-isola-369af-arance-in-place-at-390-dark-chromium\trace.zip
    Usage:

        pnpm exec playwright show-trace test-results\widget-appearance-an-isola-369af-arance-in-place-at-390-dark-chromium\trace.zip

    ────────────────────────────────────────────────────────────────────────────────────────────────

  4) [chromium] › apps\web\e2e\widget-appearance.spec.ts:31:3 › an isolated widget follows pixel-arcade appearance in place at 390 light 

    Error: expect(locator).toHaveAttribute(expected) failed

    Locator:  locator('canvas[data-orb-profile]').first()
    Expected: "calm"
    Received: "plasma"
    Timeout:  10000ms

    Call log:
      - Expect "toHaveAttribute" locator('canvas[data-orb-profile]').first() with timeout 10000ms
      - waiting for locator('canvas[data-orb-profile]').first()
        23 × locator resolved to <canvas width="30" role="img" height="30" data-orb="gl" aria-label="" class="cc-orb" data-orb-motion="full" data-orb-profile="plasma"></canvas>
           - unexpected value "plasma"


      100 |       expect(chosen.ok()).toBe(true);
      101 |       await page.evaluate(() => window.dispatchEvent(new Event("focus")));
    > 102 |       await expect(orb).toHaveAttribute("data-orb-profile", "calm");
          |                         ^
      103 |     }
      104 |     const hostAccent = () => page.evaluate(() => getComputedStyle(document.documentElement).getPropertyValue("--cc-accent").trim().toUpperCase());
      105 |     await expect.poll(async () => (await readWidget(frame)).accent).toBe(await hostAccent());
        at D:\wt302\apps\web\e2e\widget-appearance.spec.ts:102:25

    attachment #1: screenshot (image/png) ──────────────────────────────────────────────────────────
    test-results\widget-appearance-an-isola-21e2a-rance-in-place-at-390-light-chromium\test-failed-1.png
    ────────────────────────────────────────────────────────────────────────────────────────────────

    Error Context: test-results\widget-appearance-an-isola-21e2a-rance-in-place-at-390-light-chromium\error-context.md

    attachment #3: trace (application/zip) ─────────────────────────────────────────────────────────
    test-results\widget-appearance-an-isola-21e2a-rance-in-place-at-390-light-chromium\trace.zip
    Usage:

        pnpm exec playwright show-trace test-results\widget-appearance-an-isola-21e2a-rance-in-place-at-390-light-chromium\trace.zip

    ────────────────────────────────────────────────────────────────────────────────────────────────

  5) [chromium] › apps\web\e2e\widget-appearance.spec.ts:31:3 › an isolated widget follows neo-brutalism appearance in place at 1280 dark 

    Error: expect(locator).toHaveAttribute(expected) failed

    Locator:  locator('canvas[data-orb-profile]').first()
    Expected: "calm"
    Received: "glass"
    Timeout:  10000ms

    Call log:
      - Expect "toHaveAttribute" locator('canvas[data-orb-profile]').first() with timeout 10000ms
      - waiting for locator('canvas[data-orb-profile]').first()
        23 × locator resolved to <canvas width="30" role="img" height="30" data-orb="gl" aria-label="" class="cc-orb" data-orb-motion="full" data-orb-profile="glass"></canvas>
           - unexpected value "glass"


      100 |       expect(chosen.ok()).toBe(true);
      101 |       await page.evaluate(() => window.dispatchEvent(new Event("focus")));
    > 102 |       await expect(orb).toHaveAttribute("data-orb-profile", "calm");
          |                         ^
      103 |     }
      104 |     const hostAccent = () => page.evaluate(() => getComputedStyle(document.documentElement).getPropertyValue("--cc-accent").trim().toUpperCase());
      105 |     await expect.poll(async () => (await readWidget(frame)).accent).toBe(await hostAccent());
        at D:\wt302\apps\web\e2e\widget-appearance.spec.ts:102:25

    attachment #1: screenshot (image/png) ──────────────────────────────────────────────────────────
    test-results\widget-appearance-an-isola-427bb-rance-in-place-at-1280-dark-chromium\test-failed-1.png
    ────────────────────────────────────────────────────────────────────────────────────────────────

    Error Context: test-results\widget-appearance-an-isola-427bb-rance-in-place-at-1280-dark-chromium\error-context.md

    attachment #3: trace (application/zip) ─────────────────────────────────────────────────────────
    test-results\widget-appearance-an-isola-427bb-rance-in-place-at-1280-dark-chromium\trace.zip
    Usage:

        pnpm exec playwright show-trace test-results\widget-appearance-an-isola-427bb-rance-in-place-at-1280-dark-chromium\trace.zip

    ────────────────────────────────────────────────────────────────────────────────────────────────

  6) [chromium] › apps\web\e2e\widget-appearance.spec.ts:31:3 › an isolated widget follows neo-brutalism appearance in place at 1280 light 

    Error: expect(locator).toHaveAttribute(expected) failed

    Locator:  locator('canvas[data-orb-profile]').first()
    Expected: "calm"
    Received: "glass"
    Timeout:  10000ms

    Call log:
      - Expect "toHaveAttribute" locator('canvas[data-orb-profile]').first() with timeout 10000ms
      - waiting for locator('canvas[data-orb-profile]').first()
        23 × locator resolved to <canvas width="30" role="img" height="30" data-orb="gl" aria-label="" class="cc-orb" data-orb-motion="full" data-orb-profile="glass"></canvas>
           - unexpected value "glass"


      100 |       expect(chosen.ok()).toBe(true);
      101 |       await page.evaluate(() => window.dispatchEvent(new Event("focus")));
    > 102 |       await expect(orb).toHaveAttribute("data-orb-profile", "calm");
          |                         ^
      103 |     }
      104 |     const hostAccent = () => page.evaluate(() => getComputedStyle(document.documentElement).getPropertyValue("--cc-accent").trim().toUpperCase());
      105 |     await expect.poll(async () => (await readWidget(frame)).accent).toBe(await hostAccent());
        at D:\wt302\apps\web\e2e\widget-appearance.spec.ts:102:25

    attachment #1: screenshot (image/png) ──────────────────────────────────────────────────────────
    test-results\widget-appearance-an-isola-d551c-ance-in-place-at-1280-light-chromium\test-failed-1.png
    ────────────────────────────────────────────────────────────────────────────────────────────────

    Error Context: test-results\widget-appearance-an-isola-d551c-ance-in-place-at-1280-light-chromium\error-context.md

    attachment #3: trace (application/zip) ─────────────────────────────────────────────────────────
    test-results\widget-appearance-an-isola-d551c-ance-in-place-at-1280-light-chromium\trace.zip
    Usage:

        pnpm exec playwright show-trace test-results\widget-appearance-an-isola-d551c-ance-in-place-at-1280-light-chromium\trace.zip

    ────────────────────────────────────────────────────────────────────────────────────────────────

  7) [chromium] › apps\web\e2e\widget-appearance.spec.ts:31:3 › an isolated widget follows neo-brutalism appearance in place at 390 dark 

    Error: expect(locator).toHaveAttribute(expected) failed

    Locator:  locator('canvas[data-orb-profile]').first()
    Expected: "calm"
    Received: "glass"
    Timeout:  10000ms

    Call log:
      - Expect "toHaveAttribute" locator('canvas[data-orb-profile]').first() with timeout 10000ms
      - waiting for locator('canvas[data-orb-profile]').first()
        23 × locator resolved to <canvas width="30" role="img" height="30" data-orb="gl" aria-label="" class="cc-orb" data-orb-motion="full" data-orb-profile="glass"></canvas>
           - unexpected value "glass"


      100 |       expect(chosen.ok()).toBe(true);
      101 |       await page.evaluate(() => window.dispatchEvent(new Event("focus")));
    > 102 |       await expect(orb).toHaveAttribute("data-orb-profile", "calm");
          |                         ^
      103 |     }
      104 |     const hostAccent = () => page.evaluate(() => getComputedStyle(document.documentElement).getPropertyValue("--cc-accent").trim().toUpperCase());
      105 |     await expect.poll(async () => (await readWidget(frame)).accent).toBe(await hostAccent());
        at D:\wt302\apps\web\e2e\widget-appearance.spec.ts:102:25

    attachment #1: screenshot (image/png) ──────────────────────────────────────────────────────────
    test-results\widget-appearance-an-isola-a651c-arance-in-place-at-390-dark-chromium\test-failed-1.png
    ────────────────────────────────────────────────────────────────────────────────────────────────

    Error Context: test-results\widget-appearance-an-isola-a651c-arance-in-place-at-390-dark-chromium\error-context.md

    attachment #3: trace (application/zip) ─────────────────────────────────────────────────────────
    test-results\widget-appearance-an-isola-a651c-arance-in-place-at-390-dark-chromium\trace.zip
    Usage:

        pnpm exec playwright show-trace test-results\widget-appearance-an-isola-a651c-arance-in-place-at-390-dark-chromium\trace.zip

    ────────────────────────────────────────────────────────────────────────────────────────────────

  8) [chromium] › apps\web\e2e\widget-appearance.spec.ts:31:3 › an isolated widget follows neo-brutalism appearance in place at 390 light 

    Error: expect(locator).toHaveAttribute(expected) failed

    Locator:  locator('canvas[data-orb-profile]').first()
    Expected: "calm"
    Received: "glass"
    Timeout:  10000ms

    Call log:
      - Expect "toHaveAttribute" locator('canvas[data-orb-profile]').first() with timeout 10000ms
      - waiting for locator('canvas[data-orb-profile]').first()
        23 × locator resolved to <canvas width="30" role="img" height="30" data-orb="gl" aria-label="" class="cc-orb" data-orb-motion="full" data-orb-profile="glass"></canvas>
           - unexpected value "glass"


      100 |       expect(chosen.ok()).toBe(true);
      101 |       await page.evaluate(() => window.dispatchEvent(new Event("focus")));
    > 102 |       await expect(orb).toHaveAttribute("data-orb-profile", "calm");
          |                         ^
      103 |     }
      104 |     const hostAccent = () => page.evaluate(() => getComputedStyle(document.documentElement).getPropertyValue("--cc-accent").trim().toUpperCase());
      105 |     await expect.poll(async () => (await readWidget(frame)).accent).toBe(await hostAccent());
        at D:\wt302\apps\web\e2e\widget-appearance.spec.ts:102:25

    attachment #1: screenshot (image/png) ──────────────────────────────────────────────────────────
    test-results\widget-appearance-an-isola-0e34e-rance-in-place-at-390-light-chromium\test-failed-1.png
    ────────────────────────────────────────────────────────────────────────────────────────────────

    Error Context: test-results\widget-appearance-an-isola-0e34e-rance-in-place-at-390-light-chromium\error-context.md

    attachment #3: trace (application/zip) ─────────────────────────────────────────────────────────
    test-results\widget-appearance-an-isola-0e34e-rance-in-place-at-390-light-chromium\trace.zip
    Usage:

        pnpm exec playwright show-trace test-results\widget-appearance-an-isola-0e34e-rance-in-place-at-390-light-chromium\trace.zip

    ────────────────────────────────────────────────────────────────────────────────────────────────

  8 failed
    [chromium] › apps\web\e2e\widget-appearance.spec.ts:31:3 › an isolated widget follows pixel-arcade appearance in place at 1280 dark 
    [chromium] › apps\web\e2e\widget-appearance.spec.ts:31:3 › an isolated widget follows pixel-arcade appearance in place at 1280 light 
    [chromium] › apps\web\e2e\widget-appearance.spec.ts:31:3 › an isolated widget follows pixel-arcade appearance in place at 390 dark 
    [chromium] › apps\web\e2e\widget-appearance.spec.ts:31:3 › an isolated widget follows pixel-arcade appearance in place at 390 light 
    [chromium] › apps\web\e2e\widget-appearance.spec.ts:31:3 › an isolated widget follows neo-brutalism appearance in place at 1280 dark 
    [chromium] › apps\web\e2e\widget-appearance.spec.ts:31:3 › an isolated widget follows neo-brutalism appearance in place at 1280 light 
    [chromium] › apps\web\e2e\widget-appearance.spec.ts:31:3 › an isolated widget follows neo-brutalism appearance in place at 390 dark 
    [chromium] › apps\web\e2e\widget-appearance.spec.ts:31:3 › an isolated widget follows neo-brutalism appearance in place at 390 light 
  4 passed (2.1m)
