[WebServer] (node:80512) Warning: The 'NO_COLOR' env is ignored due to the 'FORCE_COLOR' env being set.
[WebServer] (Use `node --trace-warnings ...` to show where the warning was created)
[WebServer] no model configured; the node will answer with scripts and capabilities only
[WebServer] frame grants: fixture lifetime seam loaded (CC_FRAME_GRANT_FIXTURE=1)
[WebServer] project sessions: FIXTURE starter loaded — a session is reported, and no worker is spawned
[WebServer] overview: FIXTURE composer loaded — overview requests are scripted, and no provider is called for them
[WebServer] filesystem search: read-only over C:\, D:\, E:\, G:\ — no index is built; matches are sent to the model provider
[WebServer] views: 25 definition(s) the model may show — canvas.line@1, canvas.bar@1, canvas.donut@1, canvas.table@1, canvas.metrics@1, canvas.filter@1, canvas.image@1, canvas.carousel@1, canvas.gallery@1, canvas.youtube@1, canvas.video@1, canvas.action@1, canvas.form@1, canvas.list@1, canvas.status@1, canvas.progress@1, canvas.details@1, canvas.code@1, canvas.diff@1, canvas.file@1, canvas.area@1, canvas.scatter@1, canvas.calendar@1, canvas.timeline@1, canvas.overview@1
[WebServer] catalog: every family a composed surface needs is drawable
[WebServer] session transcripts: .data\e2e\sessions
[WebServer] selector: disabled (no credential or local-only); composed surfaces use the deterministic path
[WebServer] update check: FIXTURE — no periodic job started, no registry is called
[WebServer] voice: FIXTURE provider loaded — audio and transcripts on /voice are scripted, not model output
[WebServer] clarkcant node "e2e-node" listening on http://127.0.0.1:9286
[WebServer] node id: node_f83607476b7a4b24982cb681
[WebServer] data dir: .data/e2e
[WebServer] container engine: docker 29.8.0 — the OCI image can be built on this machine
[WebServer] commands require the bearer token stored in the node's identity.json
[WebServer] project index: 1 scanned, 1 kept, 1 removed
[WebServer] (node:25276) Warning: The 'NO_COLOR' env is ignored due to the 'FORCE_COLOR' env being set.
[WebServer] (Use `node --trace-warnings ...` to show where the warning was created)
[WebServer] npm fixture registry listening on http://127.0.0.1:9288
[WebServer] (node:78952) Warning: The 'NO_COLOR' env is ignored due to the 'FORCE_COLOR' env being set.
[WebServer] (Use `node --trace-warnings ...` to show where the warning was created)
[WebServer] $ vite build --outDir dist
[WebServer] (node:84676) Warning: The 'NO_COLOR' env is ignored due to the 'FORCE_COLOR' env being set.
[WebServer] (Use `node --trace-warnings ...` to show where the warning was created)
[WebServer] vite v8.3.0 building client environment for production...
[WebServer] transforming...
[WebServer] ✓ 370 modules transformed.
[WebServer] rendering chunks...
[WebServer] computing gzip size...
[WebServer] dist/assets/plus-jakarta-sans-cyrillic-ext-wght-normal-lLTsRRxN.woff2      1.71 kB
[WebServer] dist/assets/voice-capture-worklet-DsmQparT.js                              1.99 kB
[WebServer] dist/index.html                                                            2.49 kB │ gzip:   1.19 kB
[WebServer] dist/assets/plus-jakarta-sans-vietnamese-wght-normal-qRpaaN48.woff2        8.35 kB
[WebServer] dist/assets/plus-jakarta-sans-latin-ext-wght-normal-DmpS2jIq.woff2        21.72 kB
[WebServer] dist/assets/plus-jakarta-sans-latin-wght-normal-eXO_dkmS.woff2            27.34 kB
[WebServer] dist/assets/main-DjYd3uYR.css                                              1.36 kB │ gzip:   0.51 kB
[WebServer] dist/widget-runtime.js                                                     0.51 kB │ gzip:   0.34 kB │ map:     2.08 kB
[WebServer] dist/assets/rolldown-runtime-hePW80VL.js                                   0.71 kB │ gzip:   0.42 kB
[WebServer] dist/assets/addon-fit-DIOBYJe3.js                                          1.25 kB │ gzip:   0.53 kB │ map:     3.37 kB
[WebServer] dist/assets/src-VqgSVswO.js                                              314.42 kB │ gzip:  94.72 kB │ map: 1,728.81 kB
[WebServer] dist/assets/xterm-ScmBfeDI.js                                            331.22 kB │ gzip:  83.07 kB │ map:   675.33 kB
[WebServer] dist/assets/main-C2S_VyDM.js                                           1,442.15 kB │ gzip: 393.51 kB │ map: 4,172.41 kB
[WebServer] 
[WebServer] ✓ built in 445ms
[WebServer] [plugin builtin:vite-reporter] 
[WebServer] (!) Some chunks are larger than 500 kB after minification. Consider:
[WebServer] - Using dynamic import() to code-split the application
[WebServer] - Use build.rolldownOptions.output.codeSplitting to improve chunking: https://rolldown.rs/reference/OutputOptions.codeSplitting
[WebServer] - Adjust chunk size limit for this warning via build.chunkSizeWarningLimit.
[WebServer] (node:36644) Warning: The 'NO_COLOR' env is ignored due to the 'FORCE_COLOR' env being set.
[WebServer] (Use `node --trace-warnings ...` to show where the warning was created)
[WebServer] (node:86192) Warning: The 'NO_COLOR' env is ignored due to the 'FORCE_COLOR' env being set.
[WebServer] (Use `node --trace-warnings ...` to show where the warning was created)
[WebServer]   ➜  Local:   http://127.0.0.1:4683/

Running 4 tests using 1 worker

(node:70772) Warning: The 'NO_COLOR' env is ignored due to the 'FORCE_COLOR' env being set.
(Use `node --trace-warnings ...` to show where the warning was created)
  x  1 [chromium] › apps\web\e2e\theme-gallery.spec.ts:13:3 › theme gallery previews without writes, customizes and resets in place at 1280 dark (12.7s)
Testing stopped early after 1 maximum allowed failures.


  1) [chromium] › apps\web\e2e\theme-gallery.spec.ts:13:3 › theme gallery previews without writes, customizes and resets in place at 1280 dark 

    Error: expect(locator).toContainText(expected) failed

    Locator: locator('[data-theme-customization] [role="status"]')
    Expected pattern: /không|not|could/i
    Received string:  "THEME_LOW_CONTRAST: the accent would hide text or protected states, so the preference was kept: its colours are too close to read: in the dark scheme, accent text on the page is 1.10:1 and needs 4.5:1, accent text on the window is 1.21:1 and needs 4.5:1, accent text on a card is 1.29:1 and needs 4.5:1, accent text on an elevated surface is 1.40:1 and needs 4.5:1, accent text on a code block is 1.01:1 and needs 4.5:1; in the light scheme, accent text on the page is 1.29:1 and needs 4.5:1, accent text on the window is 1.21:1 and needs 4.5:1, accent text on a card is 1.12:1 and needs 4.5:1, accent text on an elevated surface is 1.00:1 and needs 4.5:1, accent text on a code block is 1.12:1 and needs 4.5:1"
    Timeout: 10000ms

    Call log:
      - Expect "toContainText" locator('[data-theme-customization] [role="status"]') with timeout 10000ms
      - waiting for locator('[data-theme-customization] [role="status"]')
        24 × locator resolved to <p role="status" data-tone="error" class="cc-panel-note cc-inline-status" data-inline-status="experience.accent">THEME_LOW_CONTRAST: the accent would hide text or…</p>
           - unexpected value "THEME_LOW_CONTRAST: the accent would hide text or protected states, so the preference was kept: its colours are too close to read: in the dark scheme, accent text on the page is 1.10:1 and needs 4.5:1, accent text on the window is 1.21:1 and needs 4.5:1, accent text on a card is 1.29:1 and needs 4.5:1, accent text on an elevated surface is 1.40:1 and needs 4.5:1, accent text on a code block is 1.01:1 and needs 4.5:1; in the light scheme, accent text on the page is 1.29:1 and needs 4.5:1, accent text on the window is 1.21:1 and needs 4.5:1, accent text on a card is 1.12:1 and needs 4.5:1, accent text on an elevated surface is 1.00:1 and needs 4.5:1, accent text on a code block is 1.12:1 and needs 4.5:1"


      76 |       await page.locator('[data-accent-scheme="light"]').fill("#FFFFFF");
      77 |       await page.locator("[data-accent-save]").click();
    > 78 |       await expect(page.locator('[data-theme-customization] [role="status"]')).toContainText(/không|not|could/i);
         |                                                                                ^
      79 |       const saved = await (await request.get(`${gateway}/appearance`, { headers })).json();
      80 |       expect(saved.customization.accent).toEqual({ dark: "#7AA2F7", light: "#2453A8" });
      81 |       await page.locator("[data-theme-customization-reset]").click();
        at D:\wt300\apps\web\e2e\theme-gallery.spec.ts:78:80

    attachment #1: screenshot (image/png) ──────────────────────────────────────────────────────────
    test-results\theme-gallery-theme-galler-37f98-esets-in-place-at-1280-dark-chromium\test-failed-1.png
    ────────────────────────────────────────────────────────────────────────────────────────────────

    Error Context: test-results\theme-gallery-theme-galler-37f98-esets-in-place-at-1280-dark-chromium\error-context.md

    attachment #3: trace (application/zip) ─────────────────────────────────────────────────────────
    test-results\theme-gallery-theme-galler-37f98-esets-in-place-at-1280-dark-chromium\trace.zip
    Usage:

        pnpm exec playwright show-trace test-results\theme-gallery-theme-galler-37f98-esets-in-place-at-1280-dark-chromium\trace.zip

    ────────────────────────────────────────────────────────────────────────────────────────────────

  1 failed
    [chromium] › apps\web\e2e\theme-gallery.spec.ts:13:3 › theme gallery previews without writes, customizes and resets in place at 1280 dark 
  3 did not run
  1 error was not a part of any test, see above for details
