$ playwright test "detach" "themes" "widget-frame"
[WebServer] (node:31048) Warning: The 'NO_COLOR' env is ignored due to the 'FORCE_COLOR' env being set.
[WebServer] (Use `node --trace-warnings ...` to show where the warning was created)
[WebServer] no model configured; the node will answer with scripts and capabilities only
[WebServer] frame grants: fixture lifetime seam loaded (CC_FRAME_GRANT_FIXTURE=1)
[WebServer] project sessions: FIXTURE starter loaded — a session is reported, and no worker is spawned
[WebServer] overview: FIXTURE composer loaded — overview requests are scripted, and no provider is called for them
[WebServer] filesystem search: read-only over C:\, D:\, E:\, G:\ — no index is built; matches are sent to the model provider
[WebServer] views: 25 definition(s) the model may show — canvas.line@1, canvas.bar@1, canvas.donut@1, canvas.table@1, canvas.metrics@1, canvas.filter@1, canvas.image@1, canvas.carousel@1, canvas.gallery@1, canvas.youtube@1, canvas.video@1, canvas.action@1, canvas.form@1, canvas.list@1, canvas.status@1, canvas.progress@1, canvas.details@1, canvas.code@1, canvas.diff@1, canvas.file@1, canvas.area@1, canvas.scatter@1, canvas.calendar@1, canvas.timeline@1, canvas.overview@1
[WebServer] catalog: every family a composed surface needs is drawable
[WebServer] session transcripts: .data\e2e\sessions
[WebServer] selector: disabled (no credential or local-only); composed surfaces use the deterministic path
[WebServer] update check: FIXTURE — no periodic job started, no registry is called
[WebServer] voice: FIXTURE provider loaded — audio and transcripts on /voice are scripted, not model output
[WebServer] clarkcant node "e2e-node" listening on http://127.0.0.1:9276
[WebServer] node id: node_dd3f3f5912794c26979b3bda
[WebServer] data dir: .data/e2e
[WebServer] container engine: docker 29.8.0 — the OCI image can be built on this machine
[WebServer] commands require the bearer token stored in the node's identity.json
[WebServer] project index: 1 scanned, 1 kept, 1 removed
[WebServer] (node:14300) Warning: The 'NO_COLOR' env is ignored due to the 'FORCE_COLOR' env being set.
[WebServer] (Use `node --trace-warnings ...` to show where the warning was created)
[WebServer] npm fixture registry listening on http://127.0.0.1:9278
[WebServer] (node:81192) Warning: The 'NO_COLOR' env is ignored due to the 'FORCE_COLOR' env being set.
[WebServer] (Use `node --trace-warnings ...` to show where the warning was created)
[WebServer] $ vite build --outDir dist
[WebServer] (node:66888) Warning: The 'NO_COLOR' env is ignored due to the 'FORCE_COLOR' env being set.
[WebServer] (Use `node --trace-warnings ...` to show where the warning was created)
[WebServer] vite v8.3.0 building client environment for production...
[WebServer] transforming...
[WebServer] ✓ 365 modules transformed.
[WebServer] rendering chunks...
[WebServer] computing gzip size...
[WebServer] dist/assets/plus-jakarta-sans-cyrillic-ext-wght-normal-lLTsRRxN.woff2      1.71 kB
[WebServer] dist/assets/voice-capture-worklet-DsmQparT.js                              1.99 kB
[WebServer] dist/index.html                                                            2.49 kB │ gzip:   1.19 kB
[WebServer] dist/assets/plus-jakarta-sans-vietnamese-wght-normal-qRpaaN48.woff2        8.35 kB
[WebServer] dist/assets/plus-jakarta-sans-latin-ext-wght-normal-DmpS2jIq.woff2        21.72 kB
[WebServer] dist/assets/plus-jakarta-sans-latin-wght-normal-eXO_dkmS.woff2            27.34 kB
[WebServer] dist/assets/main-DjYd3uYR.css                                              1.36 kB │ gzip:   0.51 kB
[WebServer] dist/widget-runtime.js                                                     0.51 kB │ gzip:   0.34 kB │ map:     2.08 kB
[WebServer] dist/assets/rolldown-runtime-hePW80VL.js                                   0.71 kB │ gzip:   0.42 kB
[WebServer] dist/assets/addon-fit-DIOBYJe3.js                                          1.25 kB │ gzip:   0.53 kB │ map:     3.37 kB
[WebServer] dist/assets/src-HMOm9nMr.js                                              313.49 kB │ gzip:  94.41 kB │ map: 1,727.52 kB
[WebServer] dist/assets/xterm-ScmBfeDI.js                                            331.22 kB │ gzip:  83.07 kB │ map:   675.33 kB
[WebServer] dist/assets/main-DiVC8hCI.js                                           1,425.48 kB │ gzip: 388.47 kB │ map: 4,138.51 kB
[WebServer] 
[WebServer] ✓ built in 445ms
[WebServer] [plugin builtin:vite-reporter] 
[WebServer] (!) Some chunks are larger than 500 kB after minification. Consider:
[WebServer] - Using dynamic import() to code-split the application
[WebServer] - Use build.rolldownOptions.output.codeSplitting to improve chunking: https://rolldown.rs/reference/OutputOptions.codeSplitting
[WebServer] - Adjust chunk size limit for this warning via build.chunkSizeWarningLimit.
[WebServer] (node:73016) Warning: The 'NO_COLOR' env is ignored due to the 'FORCE_COLOR' env being set.
[WebServer] (Use `node --trace-warnings ...` to show where the warning was created)
[WebServer] (node:77064) Warning: The 'NO_COLOR' env is ignored due to the 'FORCE_COLOR' env being set.
[WebServer] (Use `node --trace-warnings ...` to show where the warning was created)
[WebServer]   ➜  Local:   http://127.0.0.1:4673/

Running 15 tests using 1 worker

(node:73108) Warning: The 'NO_COLOR' env is ignored due to the 'FORCE_COLOR' env being set.
(Use `node --trace-warnings ...` to show where the warning was created)
  ok  1 [chromium] › apps\web\e2e\detach.spec.ts:72:1 › the detached composition draws the host revision and follows a checked appearance relay in place (386ms)
  ok  2 [chromium] › apps\web\e2e\detach.spec.ts:102:1 › the detached window draws the instance the host handed over, and asks it to hand back (312ms)
  ok  3 [chromium] › apps\web\e2e\detach.spec.ts:118:1 › a window that was handed nothing says so instead of showing an empty frame (278ms)
  ok  4 [chromium] › apps\web\e2e\detach.spec.ts:131:1 › a token in the address bar buys the detached window no conversation (277ms)
[overflow] theme-picker-1280-dark: scrollWidth 1280 - clientWidth 1280 = 0
[overflow] theme-picker-1280-light: scrollWidth 1280 - clientWidth 1280 = 0
[overflow] theme-picker-390-dark: scrollWidth 390 - clientWidth 390 = 0
[overflow] theme-picker-390-dark-details: scrollWidth 390 - clientWidth 390 = 0
[overflow] theme-picker-1280-fallback: scrollWidth 1280 - clientWidth 1280 = 0
[overflow] theme-fallback-low-contrast-1280-dark: scrollWidth 1280 - clientWidth 1280 = 0
[overflow] theme-fallback-low-contrast-1280-light: scrollWidth 1280 - clientWidth 1280 = 0
[overflow] theme-fallback-low-contrast-390-dark: scrollWidth 390 - clientWidth 390 = 0
  ok  5 [chromium] › apps\web\e2e\themes.spec.ts:83:1 › a package theme restyles the window in place, falls back when removed or unreadable, and returns when restored (15.3s)
  ok  6 [chromium] › apps\web\e2e\widget-frame-grant.spec.ts:158:1 › a frame reloaded after its URL lapsed reads a fresh URL once and runs again, with its state (11.3s)
  ok  7 [chromium] › apps\web\e2e\widget-frame-grant.spec.ts:210:1 › a lapsed frame URL fetched on its own is refused, with no bearer token to fall back on (7.0s)
  ok  8 [chromium] › apps\web\e2e\widget-frame-grant.spec.ts:224:1 › when the one re-read fails too, the failure is shown once with a way to try again, and nothing loops (17.4s)
  ok  9 [chromium] › apps\web\e2e\widget-frame.spec.ts:51:1 › a widget package runs in a sandboxed frame, and its code is the package's (970ms)
  ok 10 [chromium] › apps\web\e2e\widget-frame.spec.ts:66:1 › the frame is sandboxed with scripts and without a shared origin (847ms)
  ok 11 [chromium] › apps\web\e2e\widget-frame.spec.ts:73:1 › an action the widget invokes reaches the host and comes back (843ms)
  ok 12 [chromium] › apps\web\e2e\widget-frame.spec.ts:94:1 › one frame load hands the widget exactly one init and gets exactly one ready back (1.8s)
  ok 13 [chromium] › apps\web\e2e\widget-frame.spec.ts:134:1 › an action binding the host never accepted is refused, and nothing is performed (917ms)
  ok 14 [chromium] › apps\web\e2e\widget-frame.spec.ts:155:1 › the widget document is served under a policy that only this app may frame and nothing may widen (727ms)
  ok 15 [chromium] › apps\web\e2e\widget-frame.spec.ts:170:1 › state the widget saves is stored by the node and is there when the frame is opened again (2.2s)

  15 passed (1.1m)
