
 RUN  v5.0.0 D:/wt299

 ❯ packages/widget-host/test/session.spec.ts (44 tests | 1 failed | 43 skipped) 15ms
   × initializes with the current appearance and restyles without a semantic/state write or remount 14ms
   ↓ what the host advertises at init (2)
     ↓ sends the exact nonce, and only the capabilities it will broker
     ↓ posts exactly one init for one call, so a caller that only calls it cannot make the frame see two
   ↓ what the host refuses (9)
     ↓ refuses a message from a window that is not this instance's frame
     ↓ refuses a forged nonce, which is the check origin cannot make for an opaque frame
     ↓ refuses a message that is not in the codec at all
     ↓ bounds a message before reading it
     ↓ stops a frame that keeps talking
     ↓ refuses a write planned against a revision that has moved
     ↓ refuses an action binding the host never accepted for this instance
     ↓ refuses a capability it did not broker
     ↓ refuses anything after disposal
   ↓ what the host does with an accepted message (12)
     ↓ applies a state write, bumps the revision, and echoes it back
     ↓ names the state revision at init apart from the instance revision, and accepts a write against it
     ↓ answers a write only after the node commits it, keeping view-state keys the node never stored
     ↓ keeps a write of view-state keys alone in the frame, without a round trip or a new revision
     ↓ answers a refused write with the committed state and the node's reason
     ↓ runs an accepted action once and answers it
     ↓ passes a service's answer to the frame, and only when there is one
     ↓ names the invocation it answers, and keeps the reason short enough for the frame to accept
     ↓ answers a repeated invocation id without running it again
     ↓ routes every host request to the host's own chrome
     ↓ records a semantic summary for a reader who cannot see the widget
     ↓ hands what the frame says it shows to the host as a proposal, never with actions
   ↓ the frame lifecycle from the host side (3)
     ↓ tells the frame it is suspended, and why
     ↓ disposes once and says so
     ↓ keeps a list of what it refused, so a session can be audited
   ↓ which service-backed actions can run (3)
     ↓ holds what it is told until init, then tells the frame once
     ↓ sends a change and nothing for the same answer twice
     ↓ says nothing for a frame with no service-backed actions, so an older widget runtime never sees the message
   ↓ the artifacts@1 extension (14)
     ↓ is advertised only when the host has a broker to hand requests to
     ↓ refuses a request the host did not offer, and still answers it so the widget is not left waiting
     ↓ hands the typed request to the broker and posts its answer back under the same id
     ↓ records the operation and the id, never the name or type the widget asked with
     ↓ turns a broker failure into a fixed refusal, never the message the broker threw
     ↓ bounds how many requests may wait at once, and refuses a duplicate id that is still waiting
     ↓ paces artifact requests at a rate apart from other messages, and answers the one it turns away
     ↓ spends the rate on every message that claims to be a file request, before checking it
     ↓ spends nothing on a message from another window, so another widget cannot use up this frame's rate or budget
     ↓ does not answer a rate-limited message that is not this frame's to answer
     ↓ keeps only the latest entries of what the frame said, so a frame that keeps asking cannot grow the record
     ↓ keeps only the latest refusals, so a frame that keeps failing cannot grow the record
     ↓ lets one chunk through under its own ceiling, and still bounds it
     ↓ does not answer after the frame is gone

 Test Files  1 failed (1)
      Tests  1 failed | 43 skipped (44)
   Start at  17:14:51
   Duration  1.26s (import 68%, transform 30%, tests 1%)



⎯⎯⎯⎯⎯⎯⎯ Failed Tests 1 ⎯⎯⎯⎯⎯⎯⎯

 FAIL  packages/widget-host/test/session.spec.ts > initializes with the current appearance and restyles without a semantic/state write or remount
AssertionError: expected { kind: 'init', …(11) } to match object { appearance: { …(6) }, …(3) }
(10 matching properties omitted from actual)

- Expected
+ Received

@@ -1,163 +1,6 @@
  {
-   "appearance": {
-     "appearanceApi": 2,
-     "revision": "07c5b2aac2b4717c",
-     "scheme": "light",
-     "themeRef": "builtin:clark",
-     "tokenContractVersion": 2,
-     "tokens": {
-       "color": {
-         "accent": "#6B5FA8",
-         "border": "#E5E5E1",
-         "canvas": "#F7F7F5",
-         "card": "#FFFFFF",
-         "code": "#F2F2EF",
-         "danger": "#A33B45",
-         "elevated": "#FFFFFF",
-         "focus": "#5B4FA0",
-         "onAccent": "#FFFFFF",
-         "success": "#3F6B52",
-         "text": "#1A1A1C",
-         "textMuted": "#5C5E66",
-         "textTertiary": "#696C74",
-         "warning": "#7A5B1E",
-         "window": "#FFFFFF",
-       },
-       "identity": {
-         "border": {
-           "style": "solid",
-           "width": 1,
-         },
-         "effects": {
-           "backdrop": {
-             "intensity": 0.5,
-             "kind": "dot-grid",
-             "scale": 22,
-           },
-           "surface": {
-             "intensity": 0.5,
-             "kind": "none",
-           },
-         },
-         "fieldRadius": "10px",
-         "iconStroke": 1.8,
-         "recipes": {
-           "badge": "pill",
-           "button": "outlined",
-           "card": "outlined",
-           "composer": "floating",
-           "input": "outlined",
-           "modal": "floating",
-         },
-         "shadow": {
-           "color": "text",
-           "offset": 4,
-           "style": "soft",
-         },
-         "typography": {
-           "body": "clark",
-           "display": "clark",
-           "headingWeight": 600,
-           "mono": "clark",
-         },
-       },
-       "layout": {
-         "composerMaxWidth": "840px",
-         "composerMinHeight": "70px",
-         "conversationMaxWidth": "800px",
-         "modalWidth": "700px",
-         "topBarHeight": "62px",
-       },
-       "motion": {
-         "bounce": "cubic-bezier(0.22, 1.28, 0.36, 1)",
-         "easing": "cubic-bezier(0.2, 0, 0.2, 1)",
-         "enter": "560ms",
-         "exit": "320ms",
-         "glow": "7200ms",
-         "micro": "120ms",
-         "normal": "180ms",
-         "orb": "600ms",
-         "panel": "280ms",
-       },
-       "motionReduced": {
-         "bounce": "linear",
-         "easing": "linear",
-         "enter": "0ms",
-         "exit": "0ms",
-         "glow": "0ms",
-         "micro": "0ms",
-         "normal": "0ms",
-         "orb": "0ms",
-         "panel": "0ms",
-       },
-       "radius": {
-         "badge": "0.375rem",
-         "button": "0.5rem",
-         "card": "0.75rem",
-         "modal": "1.25rem",
-         "pill": "999px",
-         "response": "1rem",
-       },
-       "space": {
-         "lg": "1rem",
-         "md": "0.75rem",
-         "s20": "1.25rem",
-         "s40": "2.5rem",
-         "s48": "3rem",
-         "s64": "4rem",
-         "s80": "5rem",
-         "sm": "0.5rem",
-         "xl": "1.5rem",
-         "xs": "0.25rem",
-         "xxl": "2rem",
-         "xxs": "0.125rem",
-       },
-       "type": {
-         "bodyLg": {
-           "lineHeight": "1.5rem",
-           "size": "1rem",
-         },
-         "bodyMd": {
-           "lineHeight": "1.375rem",
-           "size": "0.875rem",
-         },
-         "bodySm": {
-           "lineHeight": "1.25rem",
-           "size": "0.8125rem",
-         },
-         "displayLg": {
-           "lineHeight": "2.625rem",
-           "size": "2.125rem",
-         },
-         "displayXl": {
-           "lineHeight": "3.75rem",
-           "size": "3.25rem",
-         },
-         "headingLg": {
-           "lineHeight": "2rem",
-           "size": "1.5rem",
-         },
-         "headingMd": {
-           "lineHeight": "1.625rem",
-           "size": "1.125rem",
-         },
-         "label": {
-           "lineHeight": "1rem",
-           "size": "0.75rem",
-         },
-         "meta": {
-           "lineHeight": "1rem",
-           "size": "0.6875rem",
-         },
-         "monoSm": {
-           "lineHeight": "1.25rem",
-           "size": "0.75rem",
-         },
-       },
-     },
-   },
    "extensions": [
      "appearance@1",
    ],
    "revision": 7,
    "stateRevision": 3,

 ❯ packages/widget-host/test/session.spec.ts:63:26
     61|   session.announceAppearance(light);
     62|   expect(posted).toEqual([]);
     63|   expect(session.init()).toMatchObject({ appearance: light, extensions…
       |                          ^
     64|   session.announceAppearance(light);
     65|   expect(posted).toHaveLength(1);

⎯⎯⎯⎯⎯⎯⎯⎯⎯⎯⎯⎯⎯⎯⎯⎯⎯⎯⎯⎯⎯⎯⎯⎯[1/1]⎯

