
 RUN  v5.0.0 D:/wt343

 ❯ apps/runtime/test/conversation-delete.spec.ts (15 tests | 1 failed | 14 skipped) 23ms
   ↓ releases attachments and finalized unattached widget files only after commit, preserving shared bytes
   ↓ rolls back rows and bytes when deletion fails at artifacts
   ↓ rolls back rows and bytes when deletion fails at conversations
   ↓ removes the four restrictive foreign-key owners and their private widget without turning off foreign keys
   ↓ reports locked bytes as pending and retries the durable cleanup without resurrecting deleted rows
   ↓ keeps data while a widget action is aborting or a model turn still holds the conversation
   ↓ does not let the standalone release helper unlink files inside a caller's transaction
   × asks through policy, keeps data on denial, and spends a principal-bound permission exactly once 23ms
   ↓ keeps all data with a expired permission
   ↓ keeps all data with a wrong-target permission
   ↓ keeps all data with a tightened-policy permission
   ↓ binds the chat command to the current conversation and asks the same policy
   ↓ binds the voice command to the current conversation and asks the same policy
   ↓ refuses agent intents and machine relays, including alternate path segmentation
   ↓ upgrades a populated schema 38 without rewriting applied migrations or disabling foreign keys

⎯⎯⎯⎯⎯⎯⎯ Failed Tests 1 ⎯⎯⎯⎯⎯⎯⎯

 FAIL  apps/runtime/test/conversation-delete.spec.ts > asks through policy, keeps data on denial, and spends a principal-bound permission exactly once
AssertionError: expected { deleted: true, …(5) } to match object { deleted: false, …(1) }
(5 matching properties omitted from actual)

- Expected
+ Received

  {
-   "decision": {
-     "kind": "needs-confirmation",
-   },
-   "deleted": false,
+   "deleted": true,
  }

 ❯ apps/runtime/test/conversation-delete.spec.ts:104:41
    102| it("asks through policy, keeps data on denial, and spends a principal-…
    103|   policy("guarded"); attachment();
    104|   const first = remove(); expect(first).toMatchObject({deleted: false,…
       |                                         ^
    105|   if (first.deleted || first.decision.kind !== "needs-confirmation") t…
    106|   const outcome = consumeConfirmation(deps(), {principalId: owner, tok…

⎯⎯⎯⎯⎯⎯⎯⎯⎯⎯⎯⎯⎯⎯⎯⎯⎯⎯⎯⎯⎯⎯⎯⎯[1/1]⎯


 Test Files  1 failed (1)
      Tests  1 failed | 14 skipped (15)
   Start at  15:45:13
   Duration  2.59s (import 67%, transform 32%, tests 1%)

