
schema
  ok   Package manifest and declarations — Current generalized package manifest accepted
  ok   Contained Theme documents — 1 checked theme facets

security
  ok   pixel-arcade: protected host semantics and visible boundaries — Status, focus, disabled states, effects and Orb pass the production audit
  ok   Themes have no executable styling or remote resources — Data-only theme packages require no capabilities, network, filesystem, device or lifecycle-script permissions
  ok   Package assets stay inside the package — 4 regular files read through the production containment boundary; ThemeDocument accepts no raw CSS, HTML, script or remote asset references
  ok   Data-only theme artifacts contain no executable styling payload — No script, raw stylesheet or executable asset

interaction
  n/a  Production preview at narrow/normal/compact widths, keyboard and reduced motion — Run clark theme dev; schema and token audits do not prove browser layout or keyboard behavior

rendering
  ok   pixel-arcade: text and focus contrast in both schemes — [{"scheme":"dark","failures":[],"checked":40},{"scheme":"light","failures":[],"checked":40}]
  ok   pixel-arcade: dark equivalent reduced-motion path — Compiled reduced durations remain zero and easings linear regardless of theme motion
  ok   pixel-arcade: dark bounded readable typography — Host type scale and closed system font profiles; no arbitrary CSS or external font URL
  ok   pixel-arcade: light equivalent reduced-motion path — Compiled reduced durations remain zero and easings linear regardless of theme motion
  ok   pixel-arcade: light bounded readable typography — Host type scale and closed system font profiles; no arbitrary CSS or external font URL

11 passed, 0 failed, 1 need the dev host
The checks marked n/a are not verified by this command: they need a rendered frame.

packed org.clarkcant.pixel-arcade@1.0.0
  sha256:8a476ad3ccd66e9e767969f6e208ac760330e14590fd0d6ce81e33c8dca6f9c6
  D:\wt302\examples\themes\pixel-arcade\dist\artifact.json
